Γ£ù Error: could not find driver
